// Jest Snapshot v1, https://goo.gl/fbAQLP

exports[`ModalErrorBoundary Component should match the snapshot 1`] = `
<WithStyles(errorBoundary)>
  <errorBoundary
    classes={
      Object {
        "cancelButtonContainer": "errorBoundary-cancelButtonContainer-3",
        "modal": "errorBoundary-modal-1",
        "paper": "errorBoundary-paper-2",
      }
    }
  >
    <WithStyles(cancelButton)>
      <cancelButton
        classes={
          Object {
            "cancelButtonContainer": "cancelButton-cancelButtonContainer-4",
          }
        }
      >
        <div
          className="cancelButton-cancelButtonContainer-4"
        >
          <ForwardRef
            fontSize="large"
          >
            <WithStyles(ForwardRef(SvgIcon))
              fontSize="large"
            >
              <ForwardRef(SvgIcon)
                classes={
                  Object {
                    "colorAction": "MuiSvgIcon-colorAction",
                    "colorDisabled": "MuiSvgIcon-colorDisabled",
                    "colorError": "MuiSvgIcon-colorError",
                    "colorPrimary": "MuiSvgIcon-colorPrimary",
                    "colorSecondary": "MuiSvgIcon-colorSecondary",
                    "fontSizeInherit": "MuiSvgIcon-fontSizeInherit",
                    "fontSizeLarge": "MuiSvgIcon-fontSizeLarge",
                    "fontSizeSmall": "MuiSvgIcon-fontSizeSmall",
                    "root": "MuiSvgIcon-root",
                  }
                }
                fontSize="large"
              >
                <svg
                  aria-hidden="true"
                  className="MuiSvgIcon-root MuiSvgIcon-fontSizeLarge"
                  focusable="false"
                  role="presentation"
                  viewBox="0 0 24 24"
                >
                  <path
                    d="M12 2C6.47 2 2 6.47 2 12s4.47 10 10 10 10-4.47 10-10S17.53 2 12 2zm0 18c-4.41 0-8-3.59-8-8s3.59-8 8-8 8 3.59 8 8-3.59 8-8 8zm3.59-13L12 10.59 8.41 7 7 8.41 10.59 12 7 15.59 8.41 17 12 13.41 15.59 17 17 15.59 13.41 12 17 8.41z"
                  />
                </svg>
              </ForwardRef(SvgIcon)>
            </WithStyles(ForwardRef(SvgIcon))>
          </ForwardRef>
        </div>
      </cancelButton>
    </WithStyles(cancelButton)>
  </errorBoundary>
</WithStyles(errorBoundary)>
`;
